 --------------------------------
 Symbol                | Location
 ----------------------+---------
 BAddr                 |   001
 Count                 |   01A
 DATA_B                |   003
 DATA_E                |   019
 EAddr                 |   002
 InLoop                |   071
 IncrementInLoop       |   041
 IncrementIndexLooking |   03E
 IncrementOutLoop      |   048
 Index                 |   070
 IndexComparing        |   073
 IndexIncrement        |   075
 IndexLooking          |   072
 IndexLookingValue     |   074
 ONE                   |   06C
 OutLoop               |   06E
 SwapSubProgram        |   05E
 ZERO                  |   06D
 dopart                |   055
 endif                 |   06B
 if                    |   034
 ifcomparing           |   064
 start                 |   01B
 temp                  |   06F
 tempCount             |   076
 tempEnd               |   077
 while                 |   022
 while2                |   02C
 while3                |   04C
